[2021-05-30T17:21:53.052] [INFO] default - /Users/udogerhards/Documents/workspace/Nodejs-annotations/test/parser/analyze/ECMAScript5/test.js
[2021-05-30T17:21:53.590] [INFO] default - Initializing LogManager ...
[2021-05-30T17:22:43.236] [INFO] default - /Users/udogerhards/Documents/workspace/Nodejs-annotations/test/parser/analyze/ECMAScript5/test.js
[2021-05-30T17:22:43.536] [INFO] default - Initializing LogManager ...
[2021-05-30T17:23:09.998] [INFO] default - /Users/udogerhards/Documents/workspace/Nodejs-annotations/test/parser/analyze/ECMAScript5/test.js
[2021-05-30T17:23:10.313] [INFO] default - Initializing LogManager ...
[2021-05-30T17:23:33.540] [INFO] default - /Users/udogerhards/Documents/workspace/Nodejs-annotations/test/parser/analyze/ECMAScript5/test.js
[2021-05-30T17:23:33.858] [INFO] default - Initializing LogManager ...
[2021-05-30T17:24:45.673] [INFO] default - /Users/udogerhards/Documents/workspace/Nodejs-annotations/test/parser/analyze/ECMAScript5/test.js
[2021-05-30T17:24:46.043] [INFO] default - Initializing LogManager ...
[2021-05-30T17:25:28.274] [INFO] default - /Users/udogerhards/Documents/workspace/Nodejs-annotations/test/parser/analyze/ECMAScript5/test.js
[2021-05-30T17:25:28.605] [INFO] default - Initializing LogManager ...
[2021-05-30T17:26:25.549] [INFO] default - /Users/udogerhards/Documents/workspace/Nodejs-annotations/test/parser/analyze/ECMAScript5/test.js
[2021-05-30T17:26:25.876] [INFO] default - Initializing LogManager ...
[2021-05-30T17:32:22.880] [INFO] default - /Users/udogerhards/Documents/workspace/Nodejs-annotations/test/parser/analyze/ECMAScript5/test.js
[2021-05-30T17:32:23.422] [INFO] default - Initializing LogManager ...
[2021-05-30T17:34:47.737] [INFO] default - /Users/udogerhards/Documents/workspace/Nodejs-annotations/test/parser/analyze/ECMAScript5/test.js
[2021-05-30T17:34:48.134] [INFO] default - Initializing LogManager ...
[2021-05-30T17:35:07.155] [INFO] default - /Users/udogerhards/Documents/workspace/Nodejs-annotations/test/parser/analyze/ECMAScript5/test.js
[2021-05-30T17:35:07.563] [INFO] default - Initializing LogManager ...
[2021-05-30T17:35:44.553] [INFO] default - /Users/udogerhards/Documents/workspace/Nodejs-annotations/test/parser/analyze/ECMAScript5/test.js
[2021-05-30T17:35:44.869] [INFO] default - Initializing LogManager ...
[2021-05-30T17:40:27.478] [INFO] default - /Users/udogerhards/Documents/workspace/Nodejs-annotations/test/parser/analyze/ECMAScript5/test.js
[2021-05-30T17:40:28.447] [INFO] default - Initializing LogManager ...
[2021-05-30T17:42:09.673] [INFO] default - /Users/udogerhards/Documents/workspace/Nodejs-annotations/test/parser/analyze/ECMAScript5/test.js
[2021-05-30T17:42:10.503] [INFO] default - Initializing LogManager ...
[2021-05-30T17:46:05.234] [INFO] default - /Users/udogerhards/Documents/workspace/Nodejs-annotations/test/parser/analyze/ECMAScript5/test.js
[2021-05-30T17:46:05.639] [INFO] default - Initializing LogManager ...
[2021-05-30T17:54:03.916] [INFO] default - /Users/udogerhards/Documents/workspace/Nodejs-annotations/test/parser/analyze/ECMAScript5/test.js
[2021-05-30T17:54:04.786] [INFO] default - Initializing LogManager ...
[2021-05-30T17:54:50.400] [INFO] default - /Users/udogerhards/Documents/workspace/Nodejs-annotations/test/parser/analyze/ECMAScript5/test.js
[2021-05-30T17:54:50.789] [INFO] default - Initializing LogManager ...
[2021-05-30T17:55:30.058] [INFO] default - /Users/udogerhards/Documents/workspace/Nodejs-annotations/test/parser/analyze/ECMAScript5/test.js
[2021-05-30T17:55:30.413] [INFO] default - Initializing LogManager ...
[2021-05-30T17:56:26.457] [INFO] default - /Users/udogerhards/Documents/workspace/Nodejs-annotations/test/parser/analyze/ECMAScript5/test.js
[2021-05-30T17:56:27.450] [INFO] default - Initializing LogManager ...
[2021-05-30T18:21:44.006] [INFO] default - /Users/udogerhards/Documents/workspace/Nodejs-annotations/test/parser/analyze/ECMAScript5/test.js
[2021-05-30T18:21:45.032] [INFO] default - Initializing LogManager ...
[2021-05-30T18:22:49.467] [INFO] default - /Users/udogerhards/Documents/workspace/Nodejs-annotations/test/parser/analyze/ECMAScript5/test.js
[2021-05-30T18:22:50.183] [INFO] default - Initializing LogManager ...
[2021-05-30T18:25:44.733] [INFO] default - /Users/udogerhards/Documents/workspace/Nodejs-annotations/test/parser/analyze/ECMAScript5/test.js
[2021-05-30T18:25:45.581] [INFO] default - Initializing LogManager ...
[2021-05-30T18:34:23.845] [INFO] default - /Users/udogerhards/Documents/workspace/Nodejs-annotations/test/parser/analyze/ECMAScript5/test.js
[2021-05-30T18:34:24.788] [INFO] default - Initializing LogManager ...
[2021-05-30T18:38:32.921] [INFO] default - /Users/udogerhards/Documents/workspace/Nodejs-annotations/test/parser/analyze/ECMAScript5/test.js
[2021-05-30T18:38:33.720] [INFO] default - Initializing LogManager ...
[2021-05-30T18:39:28.052] [INFO] default - /Users/udogerhards/Documents/workspace/Nodejs-annotations/test/parser/analyze/ECMAScript5/test.js
[2021-05-30T18:39:28.910] [INFO] default - Initializing LogManager ...
[2021-05-30T19:08:04.871] [INFO] default - /Users/udogerhards/Documents/workspace/Nodejs-annotations/test/parser/analyze/ECMAScript5/test.js
[2021-05-30T19:08:06.142] [INFO] default - Test: Detect simple class
[2021-05-30T19:09:31.691] [INFO] default - /Users/udogerhards/Documents/workspace/Nodejs-annotations/test/parser/analyze/ECMAScript5/test.js
[2021-05-30T19:09:32.893] [INFO] default - Test: Detect simple class
[2021-05-30T19:10:57.059] [INFO] default - /Users/udogerhards/Documents/workspace/Nodejs-annotations/test/parser/analyze/ECMAScript5/test.js
[2021-05-30T19:10:58.130] [INFO] default - Test: Detect simple class
[2021-05-30T19:12:16.435] [INFO] default - /Users/udogerhards/Documents/workspace/Nodejs-annotations/test/parser/analyze/ECMAScript5/test.js
[2021-05-30T19:12:17.387] [INFO] default - Test: Detect simple class
[2021-05-30T19:13:00.828] [INFO] default - /Users/udogerhards/Documents/workspace/Nodejs-annotations/test/parser/analyze/ECMAScript5/test.js
[2021-05-30T19:13:01.623] [INFO] default - Initializing LogManager ...
[2021-06-04T11:34:18.183] [INFO] default - /Users/udogerhards/Documents/workspace/Nodejs-annotations/test/parser/analyze/ECMAScript5/test.js
[2021-06-04T11:34:18.638] [INFO] default - Test: Detect simple class
[2021-06-04T11:35:05.742] [INFO] default - /Users/udogerhards/Documents/workspace/Nodejs-annotations/test/parser/analyze/ECMAScript5/test.js
[2021-06-04T11:35:06.165] [INFO] default - Test: Detect simple class
[2021-06-04T11:35:33.247] [INFO] default - /Users/udogerhards/Documents/workspace/Nodejs-annotations/test/parser/analyze/ECMAScript5/test.js
[2021-06-04T11:35:33.559] [INFO] default - Test: Detect simple class
[2021-06-04T11:36:54.944] [INFO] default - /Users/udogerhards/Documents/workspace/Nodejs-annotations/test/parser/analyze/ECMAScript5/test.js
[2021-06-04T11:36:55.245] [INFO] default - Test: Detect simple class
[2021-06-04T11:37:28.121] [INFO] default - /Users/udogerhards/Documents/workspace/Nodejs-annotations/test/parser/analyze/ECMAScript5/test.js
[2021-06-04T11:37:28.485] [INFO] default - Test: Detect simple class
[2021-06-04T11:40:22.103] [INFO] default - /Users/udogerhards/Documents/workspace/Nodejs-annotations/test/parser/analyze/ECMAScript5/test.js
[2021-06-04T11:40:22.385] [INFO] default - Initializing LogManager ...
[2021-06-04T11:41:18.696] [INFO] default - /Users/udogerhards/Documents/workspace/Nodejs-annotations/test/parser/analyze/ECMAScript5/test.js
[2021-06-04T11:41:18.952] [INFO] default - Initializing LogManager ...
[2021-06-04T11:41:41.881] [INFO] default - /Users/udogerhards/Documents/workspace/Nodejs-annotations/test/parser/analyze/ECMAScript5/test.js
[2021-06-04T11:41:42.129] [INFO] default - Initializing LogManager ...
[2021-06-04T11:42:47.863] [INFO] default - /Users/udogerhards/Documents/workspace/Nodejs-annotations/test/parser/analyze/ECMAScript5/test.js
[2021-06-04T11:42:48.112] [INFO] default - Initializing LogManager ...
[2021-06-04T11:44:00.131] [INFO] default - /Users/udogerhards/Documents/workspace/Nodejs-annotations/test/parser/analyze/ECMAScript5/test.js
[2021-06-04T11:44:00.963] [INFO] default - Initializing LogManager ...
[2021-06-04T11:53:49.292] [INFO] default - /Users/udogerhards/Documents/workspace/Nodejs-annotations/test/parser/analyze/ECMAScript5/test.js
[2021-06-04T11:53:50.257] [INFO] default - Initializing LogManager ...
[2021-06-04T12:28:55.701] [INFO] default - /Users/udogerhards/Documents/workspace/Nodejs-annotations/test/parser/analyze/ECMAScript5/test.js
[2021-06-04T12:29:04.117] [INFO] default - Initializing LogManager ...
[2021-06-04T12:30:44.185] [INFO] default - /Users/udogerhards/Documents/workspace/Nodejs-annotations/test/parser/analyze/ECMAScript5/test.js
[2021-06-04T12:30:45.106] [INFO] default - Initializing LogManager ...
[2021-06-04T12:40:17.481] [INFO] default - /Users/udogerhards/Documents/workspace/Nodejs-annotations/test/parser/analyze/ECMAScript5/test.js
[2021-06-04T12:40:18.485] [INFO] default - Initializing LogManager ...
[2021-06-04T12:42:28.106] [INFO] default - /Users/udogerhards/Documents/workspace/Nodejs-annotations/test/parser/analyze/ECMAScript5/test.js
[2021-06-04T12:42:29.093] [INFO] default - Initializing LogManager ...
[2021-06-04T12:47:52.171] [INFO] default - /Users/udogerhards/Documents/workspace/Nodejs-annotations/test/parser/analyze/ECMAScript5/test.js
[2021-06-04T12:47:53.045] [INFO] default - Initializing LogManager ...
[2021-06-04T12:48:39.822] [INFO] default - /Users/udogerhards/Documents/workspace/Nodejs-annotations/test/parser/analyze/ECMAScript5/test.js
[2021-06-04T12:48:40.863] [INFO] default - Initializing LogManager ...
[2021-06-04T12:50:59.602] [INFO] default - /Users/udogerhards/Documents/workspace/Nodejs-annotations/test/parser/analyze/ECMAScript5/test.js
[2021-06-04T12:51:00.540] [INFO] default - Initializing LogManager ...
[2021-06-04T12:56:12.248] [INFO] default - /Users/udogerhards/Documents/workspace/Nodejs-annotations/test/parser/analyze/ECMAScript5/test.js
[2021-06-04T12:56:13.236] [INFO] default - Initializing LogManager ...
[2021-06-04T12:58:01.924] [INFO] default - /Users/udogerhards/Documents/workspace/Nodejs-annotations/test/parser/analyze/ECMAScript5/test.js
[2021-06-04T12:58:02.875] [INFO] default - Initializing LogManager ...
[2021-06-04T13:00:07.477] [INFO] default - /Users/udogerhards/Documents/workspace/Nodejs-annotations/test/parser/analyze/ECMAScript5/test.js
[2021-06-04T13:00:08.376] [INFO] default - Initializing LogManager ...
[2021-06-04T13:04:43.420] [INFO] default - /Users/udogerhards/Documents/workspace/Nodejs-annotations/test/parser/analyze/ECMAScript5/test.js
[2021-06-04T13:04:44.379] [INFO] default - Initializing LogManager ...
[2021-06-04T13:09:21.861] [INFO] default - /Users/udogerhards/Documents/workspace/Nodejs-annotations/test/parser/analyze/ECMAScript5/test.js
[2021-06-04T13:09:29.986] [INFO] default - Initializing LogManager ...
[2021-06-04T13:12:35.842] [INFO] default - /Users/udogerhards/Documents/workspace/Nodejs-annotations/test/parser/analyze/ECMAScript5/test.js
[2021-06-04T13:12:36.665] [INFO] default - Initializing LogManager ...
[2021-06-04T13:14:37.852] [INFO] default - /Users/udogerhards/Documents/workspace/Nodejs-annotations/test/parser/analyze/ECMAScript5/test.js
[2021-06-04T13:14:38.731] [INFO] default - Initializing LogManager ...
[2021-06-04T13:16:08.539] [INFO] default - /Users/udogerhards/Documents/workspace/Nodejs-annotations/test/parser/analyze/ECMAScript5/test.js
[2021-06-04T13:16:09.636] [INFO] default - Initializing LogManager ...
[2021-06-04T13:18:36.036] [INFO] default - /Users/udogerhards/Documents/workspace/Nodejs-annotations/test/parser/analyze/ECMAScript5/test.js
[2021-06-04T13:18:36.955] [INFO] default - Initializing LogManager ...
[2021-06-04T13:20:36.322] [INFO] default - /Users/udogerhards/Documents/workspace/Nodejs-annotations/test/parser/analyze/ECMAScript5/test.js
[2021-06-04T13:20:37.301] [INFO] default - Initializing LogManager ...
[2021-06-04T13:22:36.620] [INFO] default - /Users/udogerhards/Documents/workspace/Nodejs-annotations/test/parser/analyze/ECMAScript5/test.js
[2021-06-04T13:22:37.598] [INFO] default - Initializing LogManager ...
[2021-06-04T13:23:32.606] [INFO] default - /Users/udogerhards/Documents/workspace/Nodejs-annotations/test/parser/analyze/ECMAScript5/test.js
[2021-06-04T13:23:33.545] [INFO] default - Initializing LogManager ...
[2021-06-04T13:26:16.896] [INFO] default - /Users/udogerhards/Documents/workspace/Nodejs-annotations/test/parser/analyze/ECMAScript5/test.js
[2021-06-04T13:26:17.723] [INFO] default - Initializing LogManager ...
[2021-06-04T13:27:50.522] [INFO] default - /Users/udogerhards/Documents/workspace/Nodejs-annotations/test/parser/analyze/ECMAScript5/test.js
[2021-06-04T13:27:51.436] [INFO] default - Initializing LogManager ...
[2021-06-04T13:30:10.626] [INFO] default - /Users/udogerhards/Documents/workspace/Nodejs-annotations/test/parser/analyze/ECMAScript5/test.js
[2021-06-04T13:30:11.471] [INFO] default - Initializing LogManager ...
[2021-06-04T13:33:00.575] [INFO] default - /Users/udogerhards/Documents/workspace/Nodejs-annotations/test/parser/analyze/ECMAScript5/test.js
[2021-06-04T13:33:01.488] [INFO] default - Initializing LogManager ...
[2021-06-04T13:34:12.150] [INFO] default - /Users/udogerhards/Documents/workspace/Nodejs-annotations/test/parser/analyze/ECMAScript5/test.js
[2021-06-04T13:34:12.984] [INFO] default - Initializing LogManager ...
[2021-06-04T13:36:14.118] [INFO] default - /Users/udogerhards/Documents/workspace/Nodejs-annotations/test/parser/analyze/ECMAScript5/test.js
[2021-06-04T13:36:14.916] [INFO] default - Initializing LogManager ...
[2021-06-04T13:40:36.705] [INFO] default - /Users/udogerhards/Documents/workspace/Nodejs-annotations/test/parser/analyze/ECMAScript5/test.js
[2021-06-04T13:40:37.492] [INFO] default - Initializing LogManager ...
[2021-06-04T13:41:43.799] [INFO] default - /Users/udogerhards/Documents/workspace/Nodejs-annotations/test/parser/analyze/ECMAScript5/test.js
[2021-06-04T13:41:44.731] [INFO] default - Initializing LogManager ...
[2021-06-04T13:45:06.205] [INFO] default - /Users/udogerhards/Documents/workspace/Nodejs-annotations/test/parser/analyze/ECMAScript5/test.js
[2021-06-04T13:45:07.095] [INFO] default - Initializing LogManager ...
[2021-06-04T13:46:29.743] [INFO] default - /Users/udogerhards/Documents/workspace/Nodejs-annotations/test/parser/analyze/ECMAScript5/test.js
[2021-06-04T13:46:41.515] [INFO] default - Initializing LogManager ...
[2021-06-04T13:50:01.871] [INFO] default - /Users/udogerhards/Documents/workspace/Nodejs-annotations/test/parser/analyze/ECMAScript5/test.js
[2021-06-04T13:50:02.858] [INFO] default - Initializing LogManager ...
[2021-06-04T13:51:23.758] [INFO] default - /Users/udogerhards/Documents/workspace/Nodejs-annotations/test/parser/analyze/ECMAScript5/test.js
[2021-06-04T13:51:24.688] [INFO] default - Initializing LogManager ...
[2021-06-04T13:52:43.492] [INFO] default - /Users/udogerhards/Documents/workspace/Nodejs-annotations/test/parser/analyze/ECMAScript5/test.js
[2021-06-04T13:52:44.551] [INFO] default - Initializing LogManager ...
[2021-06-04T13:54:26.021] [INFO] default - /Users/udogerhards/Documents/workspace/Nodejs-annotations/test/parser/analyze/ECMAScript5/test.js
[2021-06-04T13:54:26.964] [INFO] default - Initializing LogManager ...
[2021-06-04T13:56:52.133] [INFO] default - /Users/udogerhards/Documents/workspace/Nodejs-annotations/test/parser/analyze/ECMAScript5/test.js
[2021-06-04T13:56:53.234] [INFO] default - Initializing LogManager ...
[2021-06-04T13:57:54.968] [INFO] default - /Users/udogerhards/Documents/workspace/Nodejs-annotations/test/parser/analyze/ECMAScript5/test.js
[2021-06-04T13:57:56.055] [INFO] default - Initializing LogManager ...
[2021-06-04T14:08:15.129] [INFO] default - /Users/udogerhards/Documents/workspace/Nodejs-annotations/test/parser/analyze/ECMAScript5/test.js
[2021-06-04T14:08:16.115] [INFO] default - Initializing LogManager ...
[2021-06-04T14:10:02.073] [INFO] default - /Users/udogerhards/Documents/workspace/Nodejs-annotations/test/parser/analyze/ECMAScript5/test.js
[2021-06-04T14:10:02.992] [INFO] default - Initializing LogManager ...
[2021-06-04T14:15:27.975] [INFO] default - /Users/udogerhards/Documents/workspace/Nodejs-annotations/test/parser/analyze/ECMAScript5/test.js
[2021-06-04T14:15:28.951] [INFO] default - Initializing LogManager ...
[2021-06-04T14:18:56.951] [INFO] default - /Users/udogerhards/Documents/workspace/Nodejs-annotations/test/parser/analyze/ECMAScript5/test.js
[2021-06-04T14:18:57.853] [INFO] default - Initializing LogManager ...
[2021-06-04T14:21:37.612] [INFO] default - /Users/udogerhards/Documents/workspace/Nodejs-annotations/test/parser/analyze/ECMAScript5/test.js
[2021-06-04T14:21:37.896] [INFO] default - Test: Detect simple class
[2021-06-04T14:21:38.474] [INFO] default - Initializing LogManager ...
[2021-06-04T14:24:01.486] [INFO] default - /Users/udogerhards/Documents/workspace/Nodejs-annotations/test/parser/analyze/ECMAScript5/test.js
[2021-06-04T14:24:01.578] [INFO] default - Test: Detect simple class
[2021-06-04T14:24:01.924] [INFO] default - Initializing LogManager ...
[2021-06-04T14:24:31.113] [INFO] default - /Users/udogerhards/Documents/workspace/Nodejs-annotations/test/parser/analyze/ECMAScript5/test.js
[2021-06-04T14:24:31.485] [INFO] default - Test: Detect simple class
[2021-06-04T14:24:32.138] [INFO] default - Initializing LogManager ...
[2021-06-04T14:26:04.386] [INFO] default - /Users/udogerhards/Documents/workspace/Nodejs-annotations/test/parser/analyze/ECMAScript5/test.js
[2021-06-04T14:26:04.657] [INFO] default - Test: Detect simple class
[2021-06-04T14:26:05.137] [INFO] default - Initializing LogManager ...
[2021-06-04T14:26:49.779] [INFO] default - /Users/udogerhards/Documents/workspace/Nodejs-annotations/test/parser/analyze/ECMAScript5/test.js
[2021-06-04T14:26:50.044] [INFO] default - Test: Detect simple class
[2021-06-04T14:26:50.651] [INFO] default - Initializing LogManager ...
[2021-06-04T14:27:27.717] [INFO] default - /Users/udogerhards/Documents/workspace/Nodejs-annotations/test/parser/analyze/ECMAScript5/test.js
[2021-06-04T14:27:28.023] [INFO] default - Test: Detect simple class
[2021-06-04T14:27:28.636] [INFO] default - Initializing LogManager ...
[2021-06-04T14:29:34.377] [INFO] default - /Users/udogerhards/Documents/workspace/Nodejs-annotations/test/parser/analyze/ECMAScript5/test.js
[2021-06-04T14:29:34.681] [INFO] default - Test: Detect simple class
[2021-06-04T14:29:35.240] [INFO] default - Initializing LogManager ...
[2021-06-04T14:33:52.568] [INFO] default - /Users/udogerhards/Documents/workspace/Nodejs-annotations/test/parser/analyze/ECMAScript5/test.js
[2021-06-04T14:33:52.857] [INFO] default - Test: Detect simple class
[2021-06-04T14:33:53.456] [INFO] default - Initializing LogManager ...
[2021-06-04T14:36:14.030] [INFO] default - /Users/udogerhards/Documents/workspace/Nodejs-annotations/test/parser/analyze/ECMAScript5/test.js
[2021-06-04T14:36:14.122] [INFO] default - Test: Detect simple class
[2021-06-04T14:36:14.432] [INFO] default - Initializing LogManager ...
[2021-06-04T14:36:55.496] [INFO] default - /Users/udogerhards/Documents/workspace/Nodejs-annotations/test/parser/analyze/ECMAScript5/test.js
[2021-06-04T14:36:55.581] [INFO] default - Test: Detect simple class
[2021-06-04T14:36:55.895] [INFO] default - Initializing LogManager ...
[2021-06-04T14:37:38.179] [INFO] default - /Users/udogerhards/Documents/workspace/Nodejs-annotations/test/parser/analyze/ECMAScript5/test.js
[2021-06-04T14:37:38.268] [INFO] default - Test: Detect simple class
[2021-06-04T14:37:38.599] [INFO] default - Initializing LogManager ...
[2021-06-04T14:38:41.305] [INFO] default - /Users/udogerhards/Documents/workspace/Nodejs-annotations/test/parser/analyze/ECMAScript5/test.js
[2021-06-04T14:38:41.630] [INFO] default - Test: Detect simple class
[2021-06-04T14:38:42.237] [INFO] default - Initializing LogManager ...
[2021-06-04T14:40:11.103] [INFO] default - /Users/udogerhards/Documents/workspace/Nodejs-annotations/test/parser/analyze/ECMAScript5/test.js
[2021-06-04T14:40:11.191] [INFO] default - Test: Detect simple class
[2021-06-04T14:40:11.508] [INFO] default - Initializing LogManager ...
[2021-06-04T14:46:10.998] [INFO] default - /Users/udogerhards/Documents/workspace/Nodejs-annotations/test/parser/analyze/ECMAScript5/test.js
[2021-06-04T14:46:11.087] [INFO] default - Test: Detect simple class
[2021-06-04T14:46:11.390] [INFO] default - Initializing LogManager ...
[2021-06-04T14:47:29.484] [INFO] default - /Users/udogerhards/Documents/workspace/Nodejs-annotations/test/parser/analyze/ECMAScript5/test.js
[2021-06-04T14:47:29.569] [INFO] default - Test: Detect simple class
[2021-06-04T14:47:29.892] [INFO] default - Initializing LogManager ...
[2021-06-04T14:47:51.965] [INFO] default - /Users/udogerhards/Documents/workspace/Nodejs-annotations/test/parser/analyze/ECMAScript5/test.js
[2021-06-04T14:47:52.061] [INFO] default - Test: Detect simple class
[2021-06-04T14:47:52.383] [INFO] default - Initializing LogManager ...
[2021-06-04T14:49:28.521] [INFO] default - /Users/udogerhards/Documents/workspace/Nodejs-annotations/test/parser/analyze/ECMAScript5/test.js
[2021-06-04T14:49:28.608] [INFO] default - Test: Detect simple class
[2021-06-04T14:49:28.925] [INFO] default - Initializing LogManager ...
[2021-06-04T14:50:21.940] [INFO] default - /Users/udogerhards/Documents/workspace/Nodejs-annotations/test/parser/analyze/ECMAScript5/test.js
[2021-06-04T14:50:22.000] [INFO] default - Test: Detect simple class
[2021-06-04T14:50:22.252] [INFO] default - Initializing LogManager ...
[2021-06-04T14:50:41.570] [INFO] default - /Users/udogerhards/Documents/workspace/Nodejs-annotations/test/parser/analyze/ECMAScript5/test.js
[2021-06-04T14:50:41.636] [INFO] default - Test: Detect simple class
[2021-06-04T14:50:41.837] [INFO] default - Initializing LogManager ...
[2021-06-04T14:52:55.502] [INFO] default - /Users/udogerhards/Documents/workspace/Nodejs-annotations/test/parser/analyze/ECMAScript5/test.js
[2021-06-04T14:52:55.589] [INFO] default - Test: Detect simple class
[2021-06-04T14:52:55.905] [INFO] default - Initializing LogManager ...
[2021-06-04T15:00:54.595] [INFO] default - /Users/udogerhards/Documents/workspace/Nodejs-annotations/test/parser/analyze/ECMAScript5/test.js
[2021-06-04T15:00:54.682] [INFO] default - Test: Detect simple class
[2021-06-04T15:00:54.994] [INFO] default - Initializing LogManager ...
[2021-06-04T15:02:05.591] [INFO] default - /Users/udogerhards/Documents/workspace/Nodejs-annotations/test/parser/analyze/ECMAScript5/test.js
[2021-06-04T15:02:05.677] [INFO] default - Test: Detect simple class
[2021-06-04T15:02:06.005] [INFO] default - Initializing LogManager ...
[2021-06-04T15:11:29.352] [INFO] default - /Users/udogerhards/Documents/workspace/Nodejs-annotations/test/parser/analyze/ECMAScript5/test.js
[2021-06-04T15:11:29.506] [INFO] default - Test: Detect simple class
[2021-06-04T15:11:49.008] [INFO] default - /Users/udogerhards/Documents/workspace/Nodejs-annotations/test/parser/analyze/ECMAScript5/test.js
[2021-06-04T15:11:49.137] [INFO] default - Test: Detect simple class
[2021-06-04T15:11:49.142] [INFO] default - Analyzing class "/Users/udogerhards/Documents/workspace/Nodejs-annotations/test/resources/JScript/simple/clazz.js""
[2021-06-04T15:23:32.158] [INFO] default - /Users/udogerhards/Documents/workspace/Nodejs-annotations/test/parser/analyze/ECMAScript5/test.js
[2021-06-04T15:23:32.270] [INFO] default - Test: Detect simple class
[2021-06-04T15:23:57.790] [INFO] default - /Users/udogerhards/Documents/workspace/Nodejs-annotations/test/parser/analyze/ECMAScript5/test.js
[2021-06-04T15:23:57.850] [INFO] default - Test: Detect simple class
[2021-06-04T15:24:18.446] [INFO] default - /Users/udogerhards/Documents/workspace/Nodejs-annotations/test/parser/analyze/ECMAScript5/test.js
[2021-06-04T15:24:18.506] [INFO] default - Test: Detect simple class
[2021-06-04T15:24:18.826] [INFO] default - Initializing LogManager ...
[2021-06-04T15:25:32.173] [INFO] default - /Users/udogerhards/Documents/workspace/Nodejs-annotations/test/parser/analyze/ECMAScript5/test.js
[2021-06-04T15:25:32.264] [INFO] default - Test: Detect simple class
[2021-06-04T15:25:32.606] [INFO] default - Initializing LogManager ...
[2021-06-04T15:28:43.298] [INFO] default - /Users/udogerhards/Documents/workspace/Nodejs-annotations/test/parser/analyze/ECMAScript5/test.js
[2021-06-04T15:28:43.590] [INFO] default - Test: Detect simple class
[2021-06-04T15:28:44.095] [INFO] default - Initializing LogManager ...
[2021-06-04T15:29:39.053] [INFO] default - /Users/udogerhards/Documents/workspace/Nodejs-annotations/test/parser/analyze/ECMAScript5/test.js
[2021-06-04T15:29:39.323] [INFO] default - Test: Detect simple class
[2021-06-04T15:29:39.834] [INFO] default - Initializing LogManager ...
[2021-06-04T15:30:34.415] [INFO] default - /Users/udogerhards/Documents/workspace/Nodejs-annotations/test/parser/analyze/ECMAScript5/test.js
[2021-06-04T15:30:34.798] [INFO] default - Test: Detect simple class
[2021-06-04T15:30:35.339] [INFO] default - Initializing LogManager ...
[2021-06-04T15:31:25.052] [INFO] default - /Users/udogerhards/Documents/workspace/Nodejs-annotations/test/parser/analyze/ECMAScript5/test.js
[2021-06-04T15:31:25.293] [INFO] default - Test: Detect simple class
[2021-06-04T15:31:26.019] [INFO] default - Initializing LogManager ...
[2021-06-04T15:32:12.494] [INFO] default - /Users/udogerhards/Documents/workspace/Nodejs-annotations/test/parser/analyze/ECMAScript5/test.js
[2021-06-04T15:32:12.826] [INFO] default - Test: Detect simple class
[2021-06-04T15:32:13.550] [INFO] default - Initializing LogManager ...
[2021-06-04T15:33:01.389] [INFO] default - /Users/udogerhards/Documents/workspace/Nodejs-annotations/test/parser/analyze/ECMAScript5/test.js
[2021-06-04T15:33:01.482] [INFO] default - Test: Detect simple class
[2021-06-04T15:33:01.840] [INFO] default - Initializing LogManager ...
[2021-06-04T15:33:32.710] [INFO] default - /Users/udogerhards/Documents/workspace/Nodejs-annotations/test/parser/analyze/ECMAScript5/test.js
[2021-06-04T15:33:32.798] [INFO] default - Test: Detect simple class
[2021-06-04T15:33:33.115] [INFO] default - Initializing LogManager ...
[2021-06-04T15:34:02.074] [INFO] default - /Users/udogerhards/Documents/workspace/Nodejs-annotations/test/parser/analyze/ECMAScript5/test.js
[2021-06-04T15:34:02.383] [INFO] default - Test: Detect simple class
[2021-06-04T15:34:02.951] [INFO] default - Initializing LogManager ...
[2021-06-04T15:37:20.552] [INFO] default - /Users/udogerhards/Documents/workspace/Nodejs-annotations/test/parser/analyze/ECMAScript5/test.js
[2021-06-04T15:37:20.642] [INFO] default - Test: Detect simple class
[2021-06-04T15:37:20.941] [INFO] default - Initializing LogManager ...
[2021-06-04T15:38:18.972] [INFO] default - /Users/udogerhards/Documents/workspace/Nodejs-annotations/test/parser/analyze/ECMAScript5/test.js
[2021-06-04T15:38:19.065] [INFO] default - Test: Detect simple class
[2021-06-04T15:38:19.369] [INFO] default - Initializing LogManager ...
[2021-06-04T15:39:25.756] [INFO] default - /Users/udogerhards/Documents/workspace/Nodejs-annotations/test/parser/analyze/ECMAScript5/test.js
[2021-06-04T15:39:25.815] [INFO] default - Test: Detect simple class
[2021-06-04T15:39:26.026] [INFO] default - Initializing LogManager ...
[2021-06-04T15:40:24.105] [INFO] default - /Users/udogerhards/Documents/workspace/Nodejs-annotations/test/parser/analyze/ECMAScript5/test.js
[2021-06-04T15:40:24.397] [INFO] default - Test: Detect simple class
[2021-06-04T15:40:24.826] [INFO] default - Initializing LogManager ...
[2021-06-04T15:42:04.159] [INFO] default - /Users/udogerhards/Documents/workspace/Nodejs-annotations/test/parser/analyze/ECMAScript5/test.js
[2021-06-04T15:42:04.255] [INFO] default - Test: Detect simple class
[2021-06-04T15:42:04.622] [INFO] default - Initializing LogManager ...
[2021-06-04T15:42:38.023] [INFO] default - /Users/udogerhards/Documents/workspace/Nodejs-annotations/test/parser/analyze/ECMAScript5/test.js
[2021-06-04T15:42:38.233] [INFO] default - Test: Detect simple class
[2021-06-04T15:42:38.740] [INFO] default - Initializing LogManager ...
[2021-06-04T15:43:34.553] [INFO] default - /Users/udogerhards/Documents/workspace/Nodejs-annotations/test/parser/analyze/ECMAScript5/test.js
[2021-06-04T15:43:34.646] [INFO] default - Test: Detect simple class
[2021-06-04T15:43:34.973] [INFO] default - Initializing LogManager ...
[2021-06-04T15:43:47.839] [INFO] default - /Users/udogerhards/Documents/workspace/Nodejs-annotations/test/parser/analyze/ECMAScript5/test.js
[2021-06-04T15:43:47.928] [INFO] default - Test: Detect simple class
[2021-06-04T15:43:48.271] [INFO] default - Initializing LogManager ...
[2021-06-04T15:46:41.713] [INFO] default - /Users/udogerhards/Documents/workspace/Nodejs-annotations/test/parser/analyze/ECMAScript5/test.js
[2021-06-04T15:46:41.801] [INFO] default - Test: Detect simple class
[2021-06-04T15:46:42.121] [INFO] default - Initializing LogManager ...
[2021-06-04T15:47:22.021] [INFO] default - /Users/udogerhards/Documents/workspace/Nodejs-annotations/test/parser/analyze/ECMAScript5/test.js
[2021-06-04T15:47:22.111] [INFO] default - Test: Detect simple class
[2021-06-04T15:47:22.489] [INFO] default - Initializing LogManager ...
[2021-06-04T15:47:47.961] [INFO] default - /Users/udogerhards/Documents/workspace/Nodejs-annotations/test/parser/analyze/ECMAScript5/test.js
[2021-06-04T15:47:48.045] [INFO] default - Test: Detect simple class
[2021-06-04T15:47:48.398] [INFO] default - Initializing LogManager ...
[2021-06-04T15:48:15.535] [INFO] default - /Users/udogerhards/Documents/workspace/Nodejs-annotations/test/parser/analyze/ECMAScript5/test.js
[2021-06-04T15:48:15.796] [INFO] default - Test: Detect simple class
[2021-06-04T15:48:16.374] [INFO] default - Initializing LogManager ...
[2021-06-04T15:50:09.960] [INFO] default - /Users/udogerhards/Documents/workspace/Nodejs-annotations/test/parser/analyze/ECMAScript5/test.js
[2021-06-04T15:50:10.052] [INFO] default - Test: Detect simple class
[2021-06-04T15:50:10.406] [INFO] default - Initializing LogManager ...
[2021-06-04T15:50:30.610] [INFO] default - /Users/udogerhards/Documents/workspace/Nodejs-annotations/test/parser/analyze/ECMAScript5/test.js
[2021-06-04T15:50:30.697] [INFO] default - Test: Detect simple class
[2021-06-04T15:50:31.026] [INFO] default - Initializing LogManager ...
[2021-06-04T15:50:57.405] [INFO] default - /Users/udogerhards/Documents/workspace/Nodejs-annotations/test/parser/analyze/ECMAScript5/test.js
[2021-06-04T15:50:57.743] [INFO] default - Test: Detect simple class
[2021-06-04T15:50:58.266] [INFO] default - Initializing LogManager ...
[2021-06-04T15:53:26.221] [INFO] default - /Users/udogerhards/Documents/workspace/Nodejs-annotations/test/parser/analyze/ECMAScript5/test.js
[2021-06-04T15:53:26.471] [INFO] default - Test: Detect simple class
[2021-06-04T15:53:27.119] [INFO] default - Initializing LogManager ...
[2021-06-04T15:55:19.578] [INFO] default - /Users/udogerhards/Documents/workspace/Nodejs-annotations/test/parser/analyze/ECMAScript5/test.js
[2021-06-04T15:55:19.673] [INFO] default - Test: Detect simple class
[2021-06-04T15:55:20.027] [INFO] default - Initializing LogManager ...
[2021-06-04T15:56:48.448] [INFO] default - /Users/udogerhards/Documents/workspace/Nodejs-annotations/test/parser/analyze/ECMAScript5/test.js
[2021-06-04T15:56:48.552] [INFO] default - Test: Detect simple class
[2021-06-04T15:56:48.958] [INFO] default - Initializing LogManager ...
[2021-06-04T15:57:30.667] [INFO] default - /Users/udogerhards/Documents/workspace/Nodejs-annotations/test/parser/analyze/ECMAScript5/test.js
[2021-06-04T15:57:30.912] [INFO] default - Test: Detect simple class
[2021-06-04T15:57:31.255] [INFO] default - Initializing LogManager ...
[2021-06-04T15:58:00.473] [INFO] default - /Users/udogerhards/Documents/workspace/Nodejs-annotations/test/parser/analyze/ECMAScript5/test.js
[2021-06-04T15:58:00.564] [INFO] default - Test: Detect simple class
[2021-06-04T15:58:00.914] [INFO] default - Initializing LogManager ...
[2021-06-04T15:58:41.848] [INFO] default - /Users/udogerhards/Documents/workspace/Nodejs-annotations/test/parser/analyze/ECMAScript5/test.js
[2021-06-04T15:58:41.938] [INFO] default - Test: Detect simple class
[2021-06-04T15:58:42.285] [INFO] default - Initializing LogManager ...
[2021-06-04T16:01:24.283] [INFO] default - /Users/udogerhards/Documents/workspace/Nodejs-annotations/test/parser/analyze/ECMAScript5/test.js
[2021-06-04T16:01:24.379] [INFO] default - Test: Detect simple class
[2021-06-04T16:01:24.724] [INFO] default - Initializing LogManager ...
[2021-06-04T16:02:21.846] [INFO] default - /Users/udogerhards/Documents/workspace/Nodejs-annotations/test/parser/analyze/ECMAScript5/test.js
[2021-06-04T16:02:21.936] [INFO] default - Test: Detect simple class
[2021-06-04T16:02:22.269] [INFO] default - Initializing LogManager ...
[2021-06-04T16:03:13.371] [INFO] default - /Users/udogerhards/Documents/workspace/Nodejs-annotations/test/parser/analyze/ECMAScript5/test.js
[2021-06-04T16:03:13.769] [INFO] default - Test: Detect simple class
[2021-06-04T16:03:14.373] [INFO] default - Initializing LogManager ...
[2021-06-04T16:04:41.864] [INFO] default - /Users/udogerhards/Documents/workspace/Nodejs-annotations/test/parser/analyze/ECMAScript5/test.js
[2021-06-04T16:04:42.179] [INFO] default - Test: Detect simple class
[2021-06-04T16:04:42.807] [INFO] default - Initializing LogManager ...
[2021-06-04T16:07:55.207] [INFO] default - /Users/udogerhards/Documents/workspace/Nodejs-annotations/test/parser/analyze/ECMAScript5/test.js
[2021-06-04T16:07:55.299] [INFO] default - Test: Detect simple class
[2021-06-04T16:07:55.685] [INFO] default - Initializing LogManager ...
[2021-06-04T16:08:31.580] [INFO] default - /Users/udogerhards/Documents/workspace/Nodejs-annotations/test/parser/analyze/ECMAScript5/test.js
[2021-06-04T16:08:31.670] [INFO] default - Test: Detect simple class
[2021-06-04T16:08:31.995] [INFO] default - Initializing LogManager ...
[2021-06-04T16:08:53.373] [INFO] default - /Users/udogerhards/Documents/workspace/Nodejs-annotations/test/parser/analyze/ECMAScript5/test.js
[2021-06-04T16:08:53.698] [INFO] default - Test: Detect simple class
[2021-06-04T16:08:54.269] [INFO] default - Initializing LogManager ...
[2021-06-04T16:12:23.019] [INFO] default - /Users/udogerhards/Documents/workspace/Nodejs-annotations/test/parser/analyze/ECMAScript5/test.js
[2021-06-04T16:12:23.107] [INFO] default - Test: Detect simple class
[2021-06-04T16:12:23.464] [INFO] default - Initializing LogManager ...
[2021-06-04T16:13:21.771] [INFO] default - /Users/udogerhards/Documents/workspace/Nodejs-annotations/test/parser/analyze/ECMAScript5/test.js
[2021-06-04T16:13:21.878] [INFO] default - Test: Detect simple class
[2021-06-04T16:13:22.257] [INFO] default - Initializing LogManager ...
[2021-06-04T16:20:36.072] [INFO] default - /Users/udogerhards/Documents/workspace/Nodejs-annotations/test/parser/analyze/ECMAScript5/test.js
[2021-06-04T16:20:36.438] [INFO] default - Test: Detect simple class
[2021-06-04T16:20:37.043] [INFO] default - Initializing LogManager ...
[2021-06-04T19:41:42.531] [INFO] default - /Users/udogerhards/Documents/workspace/Nodejs-annotations/test/parser/JScript/analyze/test.js
[2021-06-04T19:41:42.620] [INFO] default - Test: Detect simple class
[2021-06-04T19:41:42.975] [INFO] default - Initializing LogManager ...
[2021-06-04T19:42:29.860] [INFO] default - /Users/udogerhards/Documents/workspace/Nodejs-annotations/test/parser/JScript/analyze/test.js
[2021-06-04T19:42:30.168] [INFO] default - Test: Detect simple class
[2021-06-04T19:42:30.774] [INFO] default - Initializing LogManager ...
[2021-06-04T19:51:39.155] [INFO] default - /Users/udogerhards/Documents/workspace/Nodejs-annotations/test/parser/JScript/analyze/test.js
[2021-06-04T19:51:39.249] [INFO] default - Test: Detect simple class
[2021-06-04T19:51:39.589] [INFO] default - Initializing LogManager ...
[2021-06-04T19:53:08.571] [INFO] default - /Users/udogerhards/Documents/workspace/Nodejs-annotations/test/parser/JScript/analyze/test.js
[2021-06-04T19:53:08.666] [INFO] default - Test: Detect simple class
[2021-06-04T19:53:08.979] [INFO] default - Initializing LogManager ...
[2021-06-04T19:53:51.371] [INFO] default - /Users/udogerhards/Documents/workspace/Nodejs-annotations/test/parser/JScript/analyze/test.js
[2021-06-04T19:53:51.465] [INFO] default - Test: Detect simple class
[2021-06-04T19:53:51.812] [INFO] default - Initializing LogManager ...
[2021-06-04T19:55:34.861] [INFO] default - /Users/udogerhards/Documents/workspace/Nodejs-annotations/test/parser/JScript/analyze/test.js
[2021-06-04T19:55:35.148] [INFO] default - Test: Detect simple class
[2021-06-04T19:55:35.751] [INFO] default - Initializing LogManager ...
[2021-06-04T20:11:55.451] [INFO] default - /Users/udogerhards/Documents/workspace/Nodejs-annotations/test/parser/JScript/analyze/test.js
[2021-06-04T20:11:55.798] [INFO] default - Test: Detect simple class
[2021-06-04T20:11:56.362] [INFO] default - Initializing LogManager ...
[2021-06-04T20:13:26.729] [INFO] default - /Users/udogerhards/Documents/workspace/Nodejs-annotations/test/parser/JScript/analyze/test.js
[2021-06-04T20:13:27.075] [INFO] default - Test: Detect simple class
[2021-06-04T20:13:27.617] [INFO] default - Initializing LogManager ...
[2021-06-04T20:14:33.387] [INFO] default - /Users/udogerhards/Documents/workspace/Nodejs-annotations/test/parser/JScript/analyze/test.js
[2021-06-04T20:14:33.669] [INFO] default - Test: Detect simple class
[2021-06-04T20:14:34.294] [INFO] default - Initializing LogManager ...
[2021-06-04T20:16:24.387] [INFO] default - /Users/udogerhards/Documents/workspace/Nodejs-annotations/test/parser/JScript/analyze/test.js
[2021-06-04T20:16:24.453] [INFO] default - Test: Detect simple class
[2021-06-04T20:16:24.707] [INFO] default - Initializing LogManager ...
[2021-06-04T20:17:14.608] [INFO] default - /Users/udogerhards/Documents/workspace/Nodejs-annotations/test/parser/JScript/analyze/test.js
[2021-06-04T20:17:14.872] [INFO] default - Test: Detect simple class
[2021-06-04T20:17:15.436] [INFO] default - Initializing LogManager ...
[2021-06-04T20:18:30.143] [INFO] default - /Users/udogerhards/Documents/workspace/Nodejs-annotations/test/parser/JScript/analyze/test.js
[2021-06-04T20:18:30.501] [INFO] default - Test: Detect simple class
[2021-06-04T20:18:31.044] [INFO] default - Initializing LogManager ...
[2021-06-04T20:21:09.308] [INFO] default - /Users/udogerhards/Documents/workspace/Nodejs-annotations/test/parser/JScript/analyze/test.js
[2021-06-04T20:21:09.646] [INFO] default - Test: Detect simple class
[2021-06-04T20:21:10.244] [INFO] default - Initializing LogManager ...
[2021-06-04T20:22:12.742] [INFO] default - /Users/udogerhards/Documents/workspace/Nodejs-annotations/test/parser/JScript/analyze/test.js
[2021-06-04T20:22:13.096] [INFO] default - Test: Detect simple class
[2021-06-04T20:22:13.650] [INFO] default - Initializing LogManager ...
[2021-06-04T20:23:05.140] [INFO] default - /Users/udogerhards/Documents/workspace/Nodejs-annotations/test/parser/JScript/analyze/test.js
[2021-06-04T20:23:05.460] [INFO] default - Test: Detect simple class
[2021-06-04T20:23:06.119] [INFO] default - Initializing LogManager ...
[2021-06-04T20:24:04.241] [INFO] default - /Users/udogerhards/Documents/workspace/Nodejs-annotations/test/parser/JScript/analyze/test.js
[2021-06-04T20:24:04.509] [INFO] default - Test: Detect simple class
[2021-06-04T20:24:05.116] [INFO] default - Initializing LogManager ...
[2021-06-04T20:26:25.649] [INFO] default - /Users/udogerhards/Documents/workspace/Nodejs-annotations/test/parser/JScript/analyze/test.js
[2021-06-04T20:26:26.013] [INFO] default - Test: Detect simple class
[2021-06-04T20:26:26.524] [INFO] default - Initializing LogManager ...
[2021-06-04T20:28:00.552] [INFO] default - /Users/udogerhards/Documents/workspace/Nodejs-annotations/test/parser/JScript/analyze/test.js
[2021-06-04T20:28:00.820] [INFO] default - Test: Detect simple class
[2021-06-04T20:28:01.420] [INFO] default - Initializing LogManager ...
[2021-06-04T20:29:15.200] [INFO] default - /Users/udogerhards/Documents/workspace/Nodejs-annotations/test/parser/JScript/analyze/test.js
[2021-06-04T20:29:15.440] [INFO] default - Test: Detect simple class
[2021-06-04T20:29:15.947] [INFO] default - Initializing LogManager ...
[2021-06-04T20:30:17.251] [INFO] default - /Users/udogerhards/Documents/workspace/Nodejs-annotations/test/parser/JScript/analyze/test.js
[2021-06-04T20:30:17.597] [INFO] default - Test: Detect simple class
[2021-06-04T20:30:18.195] [INFO] default - Initializing LogManager ...
[2021-06-04T20:32:13.056] [INFO] default - /Users/udogerhards/Documents/workspace/Nodejs-annotations/test/parser/JScript/analyze/test.js
[2021-06-04T20:32:13.389] [INFO] default - Test: Detect simple class
[2021-06-04T20:32:13.972] [INFO] default - Initializing LogManager ...
[2021-06-04T20:35:19.808] [INFO] default - /Users/udogerhards/Documents/workspace/Nodejs-annotations/test/parser/JScript/analyze/test.js
[2021-06-04T20:35:19.908] [INFO] default - Test: Detect simple class
[2021-06-04T20:35:20.207] [INFO] default - Initializing LogManager ...
[2021-06-04T20:35:57.536] [INFO] default - /Users/udogerhards/Documents/workspace/Nodejs-annotations/test/parser/JScript/analyze/test.js
[2021-06-04T20:35:57.622] [INFO] default - Test: Detect simple class
[2021-06-04T20:35:57.964] [INFO] default - Initializing LogManager ...
[2021-06-04T20:36:12.792] [INFO] default - /Users/udogerhards/Documents/workspace/Nodejs-annotations/test/parser/JScript/analyze/test.js
[2021-06-04T20:36:12.929] [INFO] default - Test: Detect simple class
[2021-06-04T20:36:13.386] [INFO] default - Initializing LogManager ...
[2021-06-04T20:37:06.787] [INFO] default - /Users/udogerhards/Documents/workspace/Nodejs-annotations/test/parser/JScript/analyze/test.js
[2021-06-04T20:37:06.848] [INFO] default - Test: Detect simple class
[2021-06-04T20:37:07.073] [INFO] default - Initializing LogManager ...
[2021-06-04T20:39:33.685] [INFO] default - /Users/udogerhards/Documents/workspace/Nodejs-annotations/test/parser/JScript/analyze/test.js
[2021-06-04T20:39:34.020] [INFO] default - Test: Detect simple class
[2021-06-04T20:39:34.460] [INFO] default - Initializing LogManager ...
[2021-06-04T20:41:21.358] [INFO] default - /Users/udogerhards/Documents/workspace/Nodejs-annotations/test/parser/JScript/analyze/test.js
[2021-06-04T20:41:21.446] [INFO] default - Test: Detect simple class
[2021-06-04T20:41:21.774] [INFO] default - Initializing LogManager ...
[2021-06-04T20:41:57.778] [INFO] default - /Users/udogerhards/Documents/workspace/Nodejs-annotations/test/parser/JScript/analyze/test.js
[2021-06-04T20:41:57.943] [INFO] default - Test: Detect simple class
[2021-06-04T20:41:58.414] [INFO] default - Initializing LogManager ...
[2021-06-04T20:46:46.240] [INFO] default - /Users/udogerhards/Documents/workspace/Nodejs-annotations/test/parser/JScript/analyze/test.js
[2021-06-04T20:46:46.337] [INFO] default - Test: Detect simple class
[2021-06-04T20:46:46.681] [INFO] default - Initializing LogManager ...
[2021-06-04T20:47:18.875] [INFO] default - /Users/udogerhards/Documents/workspace/Nodejs-annotations/test/parser/JScript/analyze/test.js
[2021-06-04T20:47:19.119] [INFO] default - Test: Detect simple class
[2021-06-04T20:47:19.694] [INFO] default - Initializing LogManager ...
[2021-06-04T20:59:36.274] [INFO] default - /Users/udogerhards/Documents/workspace/Nodejs-annotations/test/parser/JScript/analyze/test.js
[2021-06-04T20:59:36.360] [INFO] default - Test: Detect simple class
[2021-06-04T20:59:36.674] [INFO] default - Initializing LogManager ...
[2021-06-04T21:00:25.292] [INFO] default - /Users/udogerhards/Documents/workspace/Nodejs-annotations/test/parser/JScript/analyze/test.js
[2021-06-04T21:00:25.358] [INFO] default - Test: Detect simple class
[2021-06-04T21:00:25.574] [INFO] default - Initializing LogManager ...
[2021-06-04T21:01:29.781] [INFO] default - /Users/udogerhards/Documents/workspace/Nodejs-annotations/test/parser/JScript/analyze/test.js
[2021-06-04T21:01:29.865] [INFO] default - Test: Detect simple class
[2021-06-04T21:01:30.188] [INFO] default - Initializing LogManager ...
[2021-06-04T21:07:32.730] [INFO] default - /Users/udogerhards/Documents/workspace/Nodejs-annotations/test/parser/JScript/analyze/test.js
[2021-06-04T21:07:32.822] [INFO] default - Test: Detect simple class
[2021-06-04T21:07:33.156] [INFO] default - Initializing LogManager ...
[2021-06-04T21:08:30.929] [INFO] default - /Users/udogerhards/Documents/workspace/Nodejs-annotations/test/parser/JScript/analyze/test.js
[2021-06-04T21:08:30.991] [INFO] default - Test: Detect simple class
[2021-06-04T21:08:31.219] [INFO] default - Initializing LogManager ...
[2021-06-04T21:09:05.872] [INFO] default - /Users/udogerhards/Documents/workspace/Nodejs-annotations/test/parser/JScript/analyze/test.js
[2021-06-04T21:09:05.958] [INFO] default - Test: Detect simple class
[2021-06-04T21:09:06.291] [INFO] default - Initializing LogManager ...
[2021-06-04T21:10:52.388] [INFO] default - /Users/udogerhards/Documents/workspace/Nodejs-annotations/test/parser/JScript/analyze/test.js
[2021-06-04T21:10:52.475] [INFO] default - Test: Detect simple class
[2021-06-04T21:10:52.779] [INFO] default - Initializing LogManager ...
[2021-06-04T21:12:07.837] [INFO] default - /Users/udogerhards/Documents/workspace/Nodejs-annotations/test/parser/JScript/analyze/test.js
[2021-06-04T21:12:07.924] [INFO] default - Test: Detect simple class
[2021-06-04T21:12:08.262] [INFO] default - Initializing LogManager ...
[2021-06-05T14:10:17.691] [INFO] default - /Users/udogerhards/Documents/workspace/Nodejs-annotations/test/parser/JScript/analyze/test.js
[2021-06-05T14:10:17.786] [INFO] default - Test: Detect simple class
[2021-06-05T14:10:18.192] [INFO] default - Initializing LogManager ...
[2021-06-05T14:11:42.000] [INFO] default - /Users/udogerhards/Documents/workspace/Nodejs-annotations/test/parser/JScript/analyze/test.js
[2021-06-05T14:11:42.087] [INFO] default - Test: Detect simple class
[2021-06-05T14:11:42.409] [INFO] default - Initializing LogManager ...
[2021-06-05T14:15:40.818] [INFO] default - /Users/udogerhards/Documents/workspace/Nodejs-annotations/test/parser/JScript/analyze/test.js
[2021-06-05T14:15:41.097] [INFO] default - Test: Detect simple class
[2021-06-05T14:15:41.708] [INFO] default - Initializing LogManager ...
[2021-06-05T14:17:41.067] [INFO] default - /Users/udogerhards/Documents/workspace/Nodejs-annotations/test/parser/JScript/analyze/test.js
[2021-06-05T14:17:41.303] [INFO] default - Test: Detect simple class
[2021-06-05T14:17:41.893] [INFO] default - Initializing LogManager ...
[2021-06-05T14:18:54.287] [INFO] default - /Users/udogerhards/Documents/workspace/Nodejs-annotations/test/parser/JScript/analyze/test.js
[2021-06-05T14:18:54.642] [INFO] default - Test: Detect simple class
[2021-06-05T14:18:55.603] [INFO] default - Initializing LogManager ...
[2021-06-05T14:20:55.845] [INFO] default - /Users/udogerhards/Documents/workspace/Nodejs-annotations/test/parser/JScript/analyze/test.js
[2021-06-05T14:20:56.130] [INFO] default - Test: Detect simple class
[2021-06-05T14:20:56.688] [INFO] default - Initializing LogManager ...
[2021-06-05T14:23:22.043] [INFO] default - /Users/udogerhards/Documents/workspace/Nodejs-annotations/test/parser/JScript/analyze/test.js
[2021-06-05T14:23:22.320] [INFO] default - Test: Detect simple class
[2021-06-05T14:23:22.921] [INFO] default - Initializing LogManager ...
[2021-06-05T14:28:31.029] [INFO] default - /Users/udogerhards/Documents/workspace/Nodejs-annotations/test/parser/JScript/analyze/test.js
[2021-06-05T14:28:31.319] [INFO] default - Test: Detect simple class
[2021-06-05T14:28:31.893] [INFO] default - Initializing LogManager ...
[2021-06-05T14:29:42.980] [INFO] default - /Users/udogerhards/Documents/workspace/Nodejs-annotations/test/parser/JScript/analyze/test.js
[2021-06-05T14:29:43.289] [INFO] default - Test: Detect simple class
[2021-06-05T14:29:43.868] [INFO] default - Initializing LogManager ...
[2021-06-05T14:31:17.804] [INFO] default - /Users/udogerhards/Documents/workspace/Nodejs-annotations/test/parser/JScript/analyze/test.js
[2021-06-05T14:31:18.093] [INFO] default - Test: Detect simple class
[2021-06-05T14:31:18.647] [INFO] default - Initializing LogManager ...
[2021-06-05T14:33:10.667] [INFO] default - /Users/udogerhards/Documents/workspace/Nodejs-annotations/test/parser/JScript/analyze/test.js
[2021-06-05T14:33:10.956] [INFO] default - Test: Detect simple class
[2021-06-05T14:33:11.606] [INFO] default - Initializing LogManager ...
[2021-06-05T14:41:45.777] [INFO] default - /Users/udogerhards/Documents/workspace/Nodejs-annotations/test/parser/JScript/analyze/test.js
[2021-06-05T14:41:45.856] [INFO] default - Test: Detect simple class
[2021-06-05T14:41:46.143] [INFO] default - Initializing LogManager ...
[2021-06-05T14:43:34.672] [INFO] default - /Users/udogerhards/Documents/workspace/Nodejs-annotations/test/parser/JScript/analyze/test.js
[2021-06-05T14:43:34.758] [INFO] default - Test: Detect simple class
[2021-06-05T14:43:35.077] [INFO] default - Initializing LogManager ...
[2021-06-05T14:44:42.638] [INFO] default - /Users/udogerhards/Documents/workspace/Nodejs-annotations/test/parser/JScript/analyze/test.js
[2021-06-05T14:44:42.738] [INFO] default - Test: Detect simple class
[2021-06-05T14:44:43.042] [INFO] default - Initializing LogManager ...
[2021-06-05T14:45:09.948] [INFO] default - /Users/udogerhards/Documents/workspace/Nodejs-annotations/test/parser/JScript/analyze/test.js
[2021-06-05T14:45:10.318] [INFO] default - Test: Detect simple class
[2021-06-05T14:45:10.997] [INFO] default - Initializing LogManager ...
[2021-06-05T14:46:27.503] [INFO] default - /Users/udogerhards/Documents/workspace/Nodejs-annotations/test/parser/JScript/analyze/test.js
[2021-06-05T14:46:27.869] [INFO] default - Test: Detect simple class
[2021-06-05T14:46:28.429] [INFO] default - Initializing LogManager ...
[2021-06-05T14:47:16.507] [INFO] default - /Users/udogerhards/Documents/workspace/Nodejs-annotations/test/parser/JScript/analyze/test.js
[2021-06-05T14:47:16.855] [INFO] default - Test: Detect simple class
[2021-06-05T14:47:17.442] [INFO] default - Initializing LogManager ...
[2021-06-05T14:48:09.936] [INFO] default - /Users/udogerhards/Documents/workspace/Nodejs-annotations/test/parser/JScript/analyze/test.js
[2021-06-05T14:48:10.020] [INFO] default - Test: Detect simple class
[2021-06-05T14:48:10.305] [INFO] default - Initializing LogManager ...
[2021-06-05T14:51:19.810] [INFO] default - /Users/udogerhards/Documents/workspace/Nodejs-annotations/test/parser/JScript/analyze/test.js
[2021-06-05T14:51:19.927] [INFO] default - Test: Detect simple class
[2021-06-05T14:51:20.253] [INFO] default - Initializing LogManager ...
[2021-06-05T15:02:26.377] [INFO] default - /Users/udogerhards/Documents/workspace/Nodejs-annotations/test/parser/JScript/analyze/test.js
[2021-06-05T15:02:26.488] [INFO] default - Test: Detect simple class
[2021-06-05T15:02:26.973] [INFO] default - Initializing LogManager ...
[2021-06-05T15:03:09.089] [INFO] default - /Users/udogerhards/Documents/workspace/Nodejs-annotations/test/parser/JScript/analyze/test.js
[2021-06-05T15:03:09.147] [INFO] default - Test: Detect simple class
[2021-06-05T15:03:09.371] [INFO] default - Initializing LogManager ...
[2021-06-05T15:03:32.402] [INFO] default - /Users/udogerhards/Documents/workspace/Nodejs-annotations/test/parser/JScript/analyze/test.js
[2021-06-05T15:03:32.634] [INFO] default - Test: Detect simple class
[2021-06-05T15:03:33.167] [INFO] default - Initializing LogManager ...
[2021-06-05T15:04:41.173] [INFO] default - /Users/udogerhards/Documents/workspace/Nodejs-annotations/test/parser/JScript/analyze/test.js
[2021-06-05T15:04:41.488] [INFO] default - Test: Detect simple class
[2021-06-05T15:04:42.139] [INFO] default - Initializing LogManager ...
[2021-06-05T15:05:56.470] [INFO] default - /Users/udogerhards/Documents/workspace/Nodejs-annotations/test/parser/JScript/analyze/test.js
[2021-06-05T15:05:56.765] [INFO] default - Test: Detect simple class
[2021-06-05T15:05:57.296] [INFO] default - Initializing LogManager ...
[2021-06-05T15:06:53.115] [INFO] default - /Users/udogerhards/Documents/workspace/Nodejs-annotations/test/parser/JScript/analyze/test.js
[2021-06-05T15:06:53.206] [INFO] default - Test: Detect simple class
[2021-06-05T15:06:53.542] [INFO] default - Initializing LogManager ...
[2021-06-05T15:07:23.152] [INFO] default - /Users/udogerhards/Documents/workspace/Nodejs-annotations/test/parser/JScript/analyze/test.js
[2021-06-05T15:07:23.214] [INFO] default - Test: Detect simple class
[2021-06-05T15:07:23.419] [INFO] default - Initializing LogManager ...
[2021-06-05T15:20:33.586] [INFO] default - /Users/udogerhards/Documents/workspace/Nodejs-annotations/test/parser/JScript/analyze/test.js
[2021-06-05T15:20:33.676] [INFO] default - Test: Detect simple class
[2021-06-05T15:20:34.020] [INFO] default - Initializing LogManager ...
[2021-06-05T15:21:11.633] [INFO] default - /Users/udogerhards/Documents/workspace/Nodejs-annotations/test/parser/JScript/analyze/test.js
[2021-06-05T15:21:11.722] [INFO] default - Test: Detect simple class
[2021-06-05T15:21:12.050] [INFO] default - Initializing LogManager ...
[2021-06-05T15:22:36.886] [INFO] default - /Users/udogerhards/Documents/workspace/Nodejs-annotations/test/parser/JScript/analyze/test.js
[2021-06-05T15:22:37.227] [INFO] default - Test: Detect simple class
[2021-06-05T15:22:37.739] [INFO] default - Initializing LogManager ...
[2021-06-05T15:23:56.518] [INFO] default - /Users/udogerhards/Documents/workspace/Nodejs-annotations/test/parser/JScript/analyze/test.js
[2021-06-05T15:23:56.868] [INFO] default - Test: Detect simple class
[2021-06-05T15:23:57.554] [INFO] default - Initializing LogManager ...
[2021-06-05T15:24:49.443] [INFO] default - /Users/udogerhards/Documents/workspace/Nodejs-annotations/test/parser/JScript/analyze/test.js
[2021-06-05T15:24:49.885] [INFO] default - Test: Detect simple class
[2021-06-05T15:24:50.543] [INFO] default - Initializing LogManager ...
[2021-06-05T15:28:31.192] [INFO] default - /Users/udogerhards/Documents/workspace/Nodejs-annotations/test/parser/JScript/analyze/test.js
[2021-06-05T15:28:31.436] [INFO] default - Test: Detect simple class
[2021-06-05T15:28:32.032] [INFO] default - Initializing LogManager ...
[2021-06-05T15:38:24.723] [INFO] default - /Users/udogerhards/Documents/workspace/Nodejs-annotations/test/parser/JScript/analyze/test.js
[2021-06-05T15:38:25.085] [INFO] default - Test: Detect simple class
[2021-06-05T15:38:25.715] [INFO] default - Initializing LogManager ...
[2021-06-05T15:39:26.616] [INFO] default - /Users/udogerhards/Documents/workspace/Nodejs-annotations/test/parser/JScript/analyze/test.js
[2021-06-05T15:39:27.008] [INFO] default - Test: Detect simple class
[2021-06-05T15:39:27.794] [INFO] default - Initializing LogManager ...
[2021-06-05T15:44:22.952] [INFO] default - /Users/udogerhards/Documents/workspace/Nodejs-annotations/test/parser/JScript/analyze/test.js
[2021-06-05T15:44:23.042] [INFO] default - Test: Detect simple class
[2021-06-05T15:44:23.378] [INFO] default - Initializing LogManager ...
[2021-06-05T15:44:48.579] [INFO] default - /Users/udogerhards/Documents/workspace/Nodejs-annotations/test/parser/JScript/analyze/test.js
[2021-06-05T15:44:48.951] [INFO] default - Test: Detect simple class
[2021-06-05T15:44:49.688] [INFO] default - Initializing LogManager ...
[2021-06-05T15:46:44.449] [INFO] default - /Users/udogerhards/Documents/workspace/Nodejs-annotations/test/parser/JScript/analyze/test.js
[2021-06-05T15:46:44.769] [INFO] default - Test: Detect simple class
[2021-06-05T15:46:45.400] [INFO] default - Initializing LogManager ...
[2021-06-05T16:01:40.341] [INFO] default - /Users/udogerhards/Documents/workspace/Nodejs-annotations/test/parser/JScript/analyze/test.js
[2021-06-05T16:01:40.437] [INFO] default - Test: Detect simple class
[2021-06-05T16:01:40.762] [INFO] default - Initializing LogManager ...
[2021-06-05T16:02:48.112] [INFO] default - /Users/udogerhards/Documents/workspace/Nodejs-annotations/test/parser/JScript/analyze/test.js
[2021-06-05T16:02:48.443] [INFO] default - Test: Detect simple class
[2021-06-05T16:02:49.097] [INFO] default - Initializing LogManager ...
[2021-06-05T16:04:12.675] [INFO] default - /Users/udogerhards/Documents/workspace/Nodejs-annotations/test/parser/JScript/analyze/test.js
[2021-06-05T16:04:12.932] [INFO] default - Test: Detect simple class
[2021-06-05T16:04:13.509] [INFO] default - Initializing LogManager ...
[2021-06-05T16:42:13.825] [INFO] default - /Users/udogerhards/Documents/workspace/Nodejs-annotations/test/parser/JScript/analyze/test.js
[2021-06-05T16:42:13.910] [INFO] default - Test: Detect simple class
[2021-06-05T16:42:14.146] [INFO] default - Processing was rejected ... result was expected ... checking object if setup was successfull! 
[2021-06-05T16:42:14.149] [INFO] default - Test: Detect simple class
[2021-06-05T16:42:14.167] [INFO] default - Processing was rejected ... result was expected ... checking object if setup was successfull! 
[2021-06-05T16:44:17.031] [INFO] default - /Users/udogerhards/Documents/workspace/Nodejs-annotations/test/parser/JScript/analyze/test.js
[2021-06-05T16:44:17.299] [INFO] default - Test: Detect simple class
[2021-06-05T16:44:17.693] [INFO] default - Processing was rejected ... result was expected ... checking object if setup was successfull! 
[2021-06-05T16:45:09.951] [INFO] default - Test: Detect simple class
[2021-06-05T16:45:09.979] [INFO] default - Processing was rejected ... result was expected ... checking object if setup was successfull! 
[2021-06-05T16:45:41.758] [INFO] default - /Users/udogerhards/Documents/workspace/Nodejs-annotations/test/parser/JScript/analyze/test.js
[2021-06-05T16:45:41.844] [INFO] default - Test: Detect simple class
[2021-06-05T16:45:42.286] [INFO] default - Initializing LogManager ...
[2021-06-05T17:33:43.687] [INFO] default - /Users/udogerhards/Documents/workspace/Nodejs-annotations/test/parser/JScript/analyze/test.js
[2021-06-05T17:33:43.692] [INFO] default - /Users/udogerhards/Documents/workspace/Nodejs-annotations/test/parser/JScript/analyze/test_bean_analyzer.js
[2021-06-05T17:33:43.692] [INFO] default - /Users/udogerhards/Documents/workspace/Nodejs-annotations/test/parser/JScript/analyze/test_property_analyzer.js
[2021-06-05T17:33:43.788] [INFO] default - Test: Detect simple class
[2021-06-05T17:33:44.070] [INFO] default - Initializing LogManager ...
[2021-06-05T17:37:16.401] [INFO] default - /Users/udogerhards/Documents/workspace/Nodejs-annotations/test/parser/JScript/analyze/test.js
[2021-06-05T17:37:16.486] [INFO] default - Test: Detect simple class
[2021-06-05T17:37:16.801] [INFO] default - Initializing LogManager ...
[2021-06-05T17:38:43.529] [INFO] default - /Users/udogerhards/Documents/workspace/Nodejs-annotations/test/parser/JScript/analyze/test.js
[2021-06-05T17:38:43.533] [INFO] default - /Users/udogerhards/Documents/workspace/Nodejs-annotations/test/parser/JScript/analyze/test_bean_analyzer.js
[2021-06-05T17:38:43.620] [INFO] default - Test: Detect simple class
[2021-06-05T17:38:43.851] [INFO] default - Initializing LogManager ...
[2021-06-05T17:42:08.700] [INFO] default - /Users/udogerhards/Documents/workspace/Nodejs-annotations/test/parser/JScript/analyze/test.js
[2021-06-05T17:42:08.706] [INFO] default - /Users/udogerhards/Documents/workspace/Nodejs-annotations/test/parser/JScript/analyze/test_bean_analyzer.js
[2021-06-05T17:42:08.790] [INFO] default - Test: Detect simple class
[2021-06-05T17:42:09.070] [INFO] default - Initializing LogManager ...
[2021-06-05T17:47:58.798] [INFO] default - /Users/udogerhards/Documents/workspace/Nodejs-annotations/test/parser/JScript/analyze/test.js
[2021-06-05T17:47:58.802] [INFO] default - /Users/udogerhards/Documents/workspace/Nodejs-annotations/test/parser/JScript/analyze/test_bean_analyzer.js
[2021-06-05T17:47:58.887] [INFO] default - Test: Detect simple class
[2021-06-05T17:47:59.162] [INFO] default - Initializing LogManager ...
[2021-06-05T17:49:26.604] [INFO] default - /Users/udogerhards/Documents/workspace/Nodejs-annotations/test/parser/JScript/analyze/test.js
[2021-06-05T17:49:26.608] [INFO] default - /Users/udogerhards/Documents/workspace/Nodejs-annotations/test/parser/JScript/analyze/test_bean_analyzer.js
[2021-06-05T17:49:26.713] [INFO] default - Test: Detect simple class
[2021-06-05T17:49:27.021] [INFO] default - Initializing LogManager ...
[2021-06-05T17:50:27.663] [INFO] default - /Users/udogerhards/Documents/workspace/Nodejs-annotations/test/parser/JScript/analyze/test.js
[2021-06-05T17:50:27.666] [INFO] default - /Users/udogerhards/Documents/workspace/Nodejs-annotations/test/parser/JScript/analyze/test_bean_analyzer.js
[2021-06-05T17:50:27.724] [INFO] default - Test: Detect simple class
[2021-06-05T17:50:27.905] [INFO] default - Initializing LogManager ...
[2021-06-05T17:51:57.675] [INFO] default - /Users/udogerhards/Documents/workspace/Nodejs-annotations/test/parser/JScript/analyze/test.js
[2021-06-05T17:51:57.681] [INFO] default - /Users/udogerhards/Documents/workspace/Nodejs-annotations/test/parser/JScript/analyze/test_bean_analyzer.js
[2021-06-05T17:51:57.782] [INFO] default - Test: Detect simple class
[2021-06-05T17:51:58.061] [INFO] default - Initializing LogManager ...
[2021-06-05T17:54:20.197] [INFO] default - /Users/udogerhards/Documents/workspace/Nodejs-annotations/test/parser/JScript/analyze/test.js
[2021-06-05T17:54:20.202] [INFO] default - /Users/udogerhards/Documents/workspace/Nodejs-annotations/test/parser/JScript/analyze/test_bean_analyzer.js
[2021-06-05T17:54:20.292] [INFO] default - Test: Detect simple class
[2021-06-05T17:54:20.569] [INFO] default - Initializing LogManager ...
[2021-06-05T17:55:46.234] [INFO] default - /Users/udogerhards/Documents/workspace/Nodejs-annotations/test/parser/JScript/analyze/test.js
[2021-06-05T17:55:46.272] [INFO] default - /Users/udogerhards/Documents/workspace/Nodejs-annotations/test/parser/JScript/analyze/test_bean_analyzer.js
[2021-06-05T17:55:46.528] [INFO] default - Test: Detect simple class
[2021-06-05T17:55:47.065] [INFO] default - Initializing LogManager ...
[2021-06-05T17:59:30.325] [INFO] default - /Users/udogerhards/Documents/workspace/Nodejs-annotations/test/parser/JScript/analyze/test.js
[2021-06-05T17:59:30.333] [INFO] default - /Users/udogerhards/Documents/workspace/Nodejs-annotations/test/parser/JScript/analyze/test_bean_analyzer.js
[2021-06-05T17:59:30.430] [INFO] default - Test: Detect simple class
[2021-06-05T17:59:30.721] [INFO] default - Initializing LogManager ...
[2021-06-05T18:00:09.003] [INFO] default - /Users/udogerhards/Documents/workspace/Nodejs-annotations/test/parser/JScript/analyze/test.js
[2021-06-05T18:00:09.009] [INFO] default - /Users/udogerhards/Documents/workspace/Nodejs-annotations/test/parser/JScript/analyze/test_bean_analyzer.js
[2021-06-05T18:00:09.269] [INFO] default - Test: Detect simple class
[2021-06-05T18:00:09.787] [INFO] default - Initializing LogManager ...
[2021-06-05T18:01:58.109] [INFO] default - /Users/udogerhards/Documents/workspace/Nodejs-annotations/test/parser/JScript/analyze/test.js
[2021-06-05T18:01:58.119] [INFO] default - /Users/udogerhards/Documents/workspace/Nodejs-annotations/test/parser/JScript/analyze/test_bean_analyzer.js
[2021-06-05T18:01:58.445] [INFO] default - Test: Detect simple class
[2021-06-05T18:01:59.038] [INFO] default - Initializing LogManager ...
[2021-06-05T18:03:00.098] [INFO] default - /Users/udogerhards/Documents/workspace/Nodejs-annotations/test/parser/JScript/analyze/test.js
[2021-06-05T18:03:00.103] [INFO] default - /Users/udogerhards/Documents/workspace/Nodejs-annotations/test/parser/JScript/analyze/test_bean_analyzer.js
[2021-06-05T18:03:00.199] [INFO] default - Test: Detect simple class
[2021-06-05T18:03:00.479] [INFO] default - Initializing LogManager ...
[2021-06-05T18:05:32.016] [INFO] default - /Users/udogerhards/Documents/workspace/Nodejs-annotations/test/parser/JScript/analyze/test.js
[2021-06-05T18:05:32.021] [INFO] default - /Users/udogerhards/Documents/workspace/Nodejs-annotations/test/parser/JScript/analyze/test_bean_analyzer.js
[2021-06-05T18:05:32.108] [INFO] default - Test: Detect simple class
[2021-06-05T18:05:32.379] [INFO] default - Initializing LogManager ...
[2021-06-05T18:07:09.572] [INFO] default - /Users/udogerhards/Documents/workspace/Nodejs-annotations/test/parser/JScript/analyze/test.js
[2021-06-05T18:07:09.578] [INFO] default - /Users/udogerhards/Documents/workspace/Nodejs-annotations/test/parser/JScript/analyze/test_bean_analyzer.js
[2021-06-05T18:07:09.677] [INFO] default - Test: Detect simple class
[2021-06-05T18:07:09.970] [INFO] default - Initializing LogManager ...
[2021-06-05T18:07:32.826] [INFO] default - /Users/udogerhards/Documents/workspace/Nodejs-annotations/test/parser/JScript/analyze/test.js
[2021-06-05T18:07:32.830] [INFO] default - /Users/udogerhards/Documents/workspace/Nodejs-annotations/test/parser/JScript/analyze/test_bean_analyzer.js
[2021-06-05T18:07:33.000] [INFO] default - Test: Detect simple class
[2021-06-05T18:07:33.680] [INFO] default - Initializing LogManager ...
[2021-06-05T18:11:48.070] [INFO] default - /Users/udogerhards/Documents/workspace/Nodejs-annotations/test/parser/JScript/analyze/test.js
[2021-06-05T18:11:48.075] [INFO] default - /Users/udogerhards/Documents/workspace/Nodejs-annotations/test/parser/JScript/analyze/test_bean_analyzer.js
[2021-06-05T18:11:48.075] [INFO] default - /Users/udogerhards/Documents/workspace/Nodejs-annotations/test/parser/JScript/analyze/test_property_analyzer.js
[2021-06-05T18:11:48.168] [INFO] default - Test: Detect simple class
[2021-06-05T18:11:48.439] [INFO] default - Initializing LogManager ...
[2021-06-05T18:24:27.167] [INFO] default - /Users/udogerhards/Documents/workspace/Nodejs-annotations/test/parser/JScript/analyze/test.js
[2021-06-05T18:24:27.172] [INFO] default - /Users/udogerhards/Documents/workspace/Nodejs-annotations/test/parser/JScript/analyze/test_bean_analyzer.js
[2021-06-05T18:24:27.172] [INFO] default - /Users/udogerhards/Documents/workspace/Nodejs-annotations/test/parser/JScript/analyze/test_property_analyzer.js
[2021-06-05T18:24:27.270] [INFO] default - Test: Detect simple class
[2021-06-05T18:24:27.555] [INFO] default - Initializing LogManager ...
[2021-06-05T18:27:02.322] [INFO] default - /Users/udogerhards/Documents/workspace/Nodejs-annotations/test/parser/JScript/analyze/test.js
[2021-06-05T18:27:02.387] [INFO] default - /Users/udogerhards/Documents/workspace/Nodejs-annotations/test/parser/JScript/analyze/test_bean_analyzer.js
[2021-06-05T18:27:02.388] [INFO] default - /Users/udogerhards/Documents/workspace/Nodejs-annotations/test/parser/JScript/analyze/test_property_analyzer.js
[2021-06-05T18:27:02.603] [INFO] default - Test: Detect simple class
[2021-06-05T18:27:03.240] [INFO] default - Initializing LogManager ...
[2021-06-05T18:28:56.481] [INFO] default - /Users/udogerhards/Documents/workspace/Nodejs-annotations/test/parser/JScript/analyze/test.js
[2021-06-05T18:28:56.487] [INFO] default - /Users/udogerhards/Documents/workspace/Nodejs-annotations/test/parser/JScript/analyze/test_bean_analyzer.js
[2021-06-05T18:28:56.487] [INFO] default - /Users/udogerhards/Documents/workspace/Nodejs-annotations/test/parser/JScript/analyze/test_property_analyzer.js
[2021-06-05T18:28:56.576] [INFO] default - Test: Detect simple class
[2021-06-05T18:28:56.859] [INFO] default - Initializing LogManager ...
[2021-06-05T18:29:39.387] [INFO] default - /Users/udogerhards/Documents/workspace/Nodejs-annotations/test/parser/JScript/analyze/test.js
[2021-06-05T18:29:39.395] [INFO] default - /Users/udogerhards/Documents/workspace/Nodejs-annotations/test/parser/JScript/analyze/test_bean_analyzer.js
[2021-06-05T18:29:39.395] [INFO] default - /Users/udogerhards/Documents/workspace/Nodejs-annotations/test/parser/JScript/analyze/test_property_analyzer.js
[2021-06-05T18:29:39.504] [INFO] default - Test: Detect simple class
[2021-06-05T18:29:39.801] [INFO] default - Initializing LogManager ...
[2021-06-05T18:32:24.000] [INFO] default - /Users/udogerhards/Documents/workspace/Nodejs-annotations/test/parser/JScript/analyze/test.js
[2021-06-05T18:32:24.005] [INFO] default - /Users/udogerhards/Documents/workspace/Nodejs-annotations/test/parser/JScript/analyze/test_bean_analyzer.js
[2021-06-05T18:32:24.005] [INFO] default - /Users/udogerhards/Documents/workspace/Nodejs-annotations/test/parser/JScript/analyze/test_property_analyzer.js
[2021-06-05T18:32:24.088] [INFO] default - Test: Detect simple class
[2021-06-05T18:32:24.391] [INFO] default - Initializing LogManager ...
[2021-06-05T18:33:52.470] [INFO] default - /Users/udogerhards/Documents/workspace/Nodejs-annotations/test/parser/JScript/analyze/test.js
[2021-06-05T18:33:52.475] [INFO] default - /Users/udogerhards/Documents/workspace/Nodejs-annotations/test/parser/JScript/analyze/test_bean_analyzer.js
[2021-06-05T18:33:52.475] [INFO] default - /Users/udogerhards/Documents/workspace/Nodejs-annotations/test/parser/JScript/analyze/test_property_analyzer.js
[2021-06-05T18:33:52.568] [INFO] default - Test: Detect simple class
[2021-06-05T18:33:52.869] [INFO] default - Initializing LogManager ...
[2021-06-05T18:34:54.890] [INFO] default - /Users/udogerhards/Documents/workspace/Nodejs-annotations/test/parser/JScript/analyze/test.js
[2021-06-05T18:34:54.894] [INFO] default - /Users/udogerhards/Documents/workspace/Nodejs-annotations/test/parser/JScript/analyze/test_bean_analyzer.js
[2021-06-05T18:34:54.895] [INFO] default - /Users/udogerhards/Documents/workspace/Nodejs-annotations/test/parser/JScript/analyze/test_property_analyzer.js
[2021-06-05T18:34:54.988] [INFO] default - Test: Detect simple class
[2021-06-05T18:34:55.258] [INFO] default - Initializing LogManager ...
[2021-06-05T18:52:38.917] [INFO] default - /Users/udogerhards/Documents/workspace/Nodejs-annotations/test/parser/JScript/analyze/test.js
[2021-06-05T18:52:38.922] [INFO] default - /Users/udogerhards/Documents/workspace/Nodejs-annotations/test/parser/JScript/analyze/test_bean_analyzer.js
[2021-06-05T18:52:38.923] [INFO] default - /Users/udogerhards/Documents/workspace/Nodejs-annotations/test/parser/JScript/analyze/test_member_analyzer.js
[2021-06-05T18:52:38.923] [INFO] default - /Users/udogerhards/Documents/workspace/Nodejs-annotations/test/parser/JScript/analyze/test_property_analyzer.js
[2021-06-05T18:52:39.007] [INFO] default - Test: Detect simple class
[2021-06-05T18:52:39.280] [INFO] default - Initializing LogManager ...
[2021-06-05T19:01:28.895] [INFO] default - /Users/udogerhards/Documents/workspace/Nodejs-annotations/test/parser/JScript/analyze/test.js
[2021-06-05T19:01:28.900] [INFO] default - /Users/udogerhards/Documents/workspace/Nodejs-annotations/test/parser/JScript/analyze/test_bean_analyzer.js
[2021-06-05T19:01:28.900] [INFO] default - /Users/udogerhards/Documents/workspace/Nodejs-annotations/test/parser/JScript/analyze/test_member_analyzer.js
[2021-06-05T19:01:28.900] [INFO] default - /Users/udogerhards/Documents/workspace/Nodejs-annotations/test/parser/JScript/analyze/test_property_analyzer.js
[2021-06-05T19:01:28.984] [INFO] default - Test: Detect simple class
[2021-06-05T19:01:29.247] [INFO] default - Initializing LogManager ...
[2021-06-05T19:02:18.532] [INFO] default - /Users/udogerhards/Documents/workspace/Nodejs-annotations/test/parser/JScript/analyze/test.js
[2021-06-05T19:02:18.535] [INFO] default - /Users/udogerhards/Documents/workspace/Nodejs-annotations/test/parser/JScript/analyze/test_bean_analyzer.js
[2021-06-05T19:02:18.536] [INFO] default - /Users/udogerhards/Documents/workspace/Nodejs-annotations/test/parser/JScript/analyze/test_member_analyzer.js
[2021-06-05T19:02:18.536] [INFO] default - /Users/udogerhards/Documents/workspace/Nodejs-annotations/test/parser/JScript/analyze/test_property_analyzer.js
[2021-06-05T19:02:18.618] [INFO] default - Test: Detect simple class
[2021-06-05T19:02:18.887] [INFO] default - Initializing LogManager ...
[2021-06-05T19:02:48.917] [INFO] default - /Users/udogerhards/Documents/workspace/Nodejs-annotations/test/parser/JScript/analyze/test.js
[2021-06-05T19:02:48.921] [INFO] default - /Users/udogerhards/Documents/workspace/Nodejs-annotations/test/parser/JScript/analyze/test_bean_analyzer.js
[2021-06-05T19:02:48.921] [INFO] default - /Users/udogerhards/Documents/workspace/Nodejs-annotations/test/parser/JScript/analyze/test_member_analyzer.js
[2021-06-05T19:02:48.921] [INFO] default - /Users/udogerhards/Documents/workspace/Nodejs-annotations/test/parser/JScript/analyze/test_property_analyzer.js
[2021-06-05T19:02:49.010] [INFO] default - Test: Detect simple class
[2021-06-05T19:02:49.277] [INFO] default - Initializing LogManager ...
[2021-06-05T19:03:23.766] [INFO] default - /Users/udogerhards/Documents/workspace/Nodejs-annotations/test/parser/JScript/analyze/test.js
[2021-06-05T19:03:23.771] [INFO] default - /Users/udogerhards/Documents/workspace/Nodejs-annotations/test/parser/JScript/analyze/test_bean_analyzer.js
[2021-06-05T19:03:23.771] [INFO] default - /Users/udogerhards/Documents/workspace/Nodejs-annotations/test/parser/JScript/analyze/test_member_analyzer.js
[2021-06-05T19:03:23.771] [INFO] default - /Users/udogerhards/Documents/workspace/Nodejs-annotations/test/parser/JScript/analyze/test_property_analyzer.js
[2021-06-05T19:03:23.854] [INFO] default - Test: Detect simple class
[2021-06-05T19:03:24.123] [INFO] default - Initializing LogManager ...
[2021-06-05T19:07:20.347] [INFO] default - /Users/udogerhards/Documents/workspace/Nodejs-annotations/test/parser/JScript/analyze/test.js
[2021-06-05T19:07:20.352] [INFO] default - /Users/udogerhards/Documents/workspace/Nodejs-annotations/test/parser/JScript/analyze/test_bean_analyzer.js
[2021-06-05T19:07:20.352] [INFO] default - /Users/udogerhards/Documents/workspace/Nodejs-annotations/test/parser/JScript/analyze/test_member_analyzer.js
[2021-06-05T19:07:20.352] [INFO] default - /Users/udogerhards/Documents/workspace/Nodejs-annotations/test/parser/JScript/analyze/test_property_analyzer.js
[2021-06-05T19:07:20.438] [INFO] default - Test: Detect simple class
[2021-06-05T19:07:20.716] [INFO] default - Initializing LogManager ...
[2021-06-05T19:08:07.167] [INFO] default - /Users/udogerhards/Documents/workspace/Nodejs-annotations/test/parser/JScript/analyze/test.js
[2021-06-05T19:08:07.171] [INFO] default - /Users/udogerhards/Documents/workspace/Nodejs-annotations/test/parser/JScript/analyze/test_bean_analyzer.js
[2021-06-05T19:08:07.171] [INFO] default - /Users/udogerhards/Documents/workspace/Nodejs-annotations/test/parser/JScript/analyze/test_member_analyzer.js
[2021-06-05T19:08:07.171] [INFO] default - /Users/udogerhards/Documents/workspace/Nodejs-annotations/test/parser/JScript/analyze/test_property_analyzer.js
[2021-06-05T19:08:07.223] [INFO] default - Test: Detect simple class
[2021-06-05T19:08:07.388] [INFO] default - Initializing LogManager ...
[2021-06-05T19:09:43.197] [INFO] default - /Users/udogerhards/Documents/workspace/Nodejs-annotations/test/parser/JScript/analyze/test.js
[2021-06-05T19:09:43.201] [INFO] default - /Users/udogerhards/Documents/workspace/Nodejs-annotations/test/parser/JScript/analyze/test_bean_analyzer.js
[2021-06-05T19:09:43.201] [INFO] default - /Users/udogerhards/Documents/workspace/Nodejs-annotations/test/parser/JScript/analyze/test_member_analyzer.js
[2021-06-05T19:09:43.201] [INFO] default - /Users/udogerhards/Documents/workspace/Nodejs-annotations/test/parser/JScript/analyze/test_property_analyzer.js
[2021-06-05T19:09:43.248] [INFO] default - Test: Detect simple class
[2021-06-05T19:09:43.430] [INFO] default - Initializing LogManager ...
[2021-06-05T19:12:19.548] [INFO] default - /Users/udogerhards/Documents/workspace/Nodejs-annotations/test/parser/JScript/analyze/test.js
[2021-06-05T19:12:19.553] [INFO] default - /Users/udogerhards/Documents/workspace/Nodejs-annotations/test/parser/JScript/analyze/test_bean_analyzer.js
[2021-06-05T19:12:19.553] [INFO] default - /Users/udogerhards/Documents/workspace/Nodejs-annotations/test/parser/JScript/analyze/test_member_analyzer.js
[2021-06-05T19:12:19.553] [INFO] default - /Users/udogerhards/Documents/workspace/Nodejs-annotations/test/parser/JScript/analyze/test_property_analyzer.js
[2021-06-05T19:12:19.633] [INFO] default - Test: Detect simple class
[2021-06-05T19:12:19.908] [INFO] default - Initializing LogManager ...
[2021-06-05T19:13:57.704] [INFO] default - /Users/udogerhards/Documents/workspace/Nodejs-annotations/test/parser/JScript/analyze/test.js
[2021-06-05T19:13:57.709] [INFO] default - /Users/udogerhards/Documents/workspace/Nodejs-annotations/test/parser/JScript/analyze/test_bean_analyzer.js
[2021-06-05T19:13:57.709] [INFO] default - /Users/udogerhards/Documents/workspace/Nodejs-annotations/test/parser/JScript/analyze/test_member_analyzer.js
[2021-06-05T19:13:57.710] [INFO] default - /Users/udogerhards/Documents/workspace/Nodejs-annotations/test/parser/JScript/analyze/test_property_analyzer.js
[2021-06-05T19:13:57.796] [INFO] default - Test: Detect simple class
[2021-06-05T19:13:58.071] [INFO] default - Initializing LogManager ...
[2021-06-05T19:14:28.375] [INFO] default - /Users/udogerhards/Documents/workspace/Nodejs-annotations/test/parser/JScript/analyze/test.js
[2021-06-05T19:14:28.380] [INFO] default - /Users/udogerhards/Documents/workspace/Nodejs-annotations/test/parser/JScript/analyze/test_bean_analyzer.js
[2021-06-05T19:14:28.380] [INFO] default - /Users/udogerhards/Documents/workspace/Nodejs-annotations/test/parser/JScript/analyze/test_member_analyzer.js
[2021-06-05T19:14:28.381] [INFO] default - /Users/udogerhards/Documents/workspace/Nodejs-annotations/test/parser/JScript/analyze/test_property_analyzer.js
[2021-06-05T19:14:28.462] [INFO] default - Test: Detect simple class
[2021-06-05T19:14:28.737] [INFO] default - Initializing LogManager ...
[2021-06-05T19:16:48.473] [INFO] default - /Users/udogerhards/Documents/workspace/Nodejs-annotations/test/parser/JScript/analyze/test.js
[2021-06-05T19:16:48.478] [INFO] default - /Users/udogerhards/Documents/workspace/Nodejs-annotations/test/parser/JScript/analyze/test_bean_analyzer.js
[2021-06-05T19:16:48.478] [INFO] default - /Users/udogerhards/Documents/workspace/Nodejs-annotations/test/parser/JScript/analyze/test_member_analyzer.js
[2021-06-05T19:16:48.478] [INFO] default - /Users/udogerhards/Documents/workspace/Nodejs-annotations/test/parser/JScript/analyze/test_property_analyzer.js
[2021-06-05T19:16:48.562] [INFO] default - Test: Detect simple class
[2021-06-05T19:16:48.835] [INFO] default - Initializing LogManager ...
[2021-06-05T19:17:35.849] [INFO] default - /Users/udogerhards/Documents/workspace/Nodejs-annotations/test/parser/JScript/analyze/test.js
[2021-06-05T19:17:35.855] [INFO] default - /Users/udogerhards/Documents/workspace/Nodejs-annotations/test/parser/JScript/analyze/test_bean_analyzer.js
[2021-06-05T19:17:35.855] [INFO] default - /Users/udogerhards/Documents/workspace/Nodejs-annotations/test/parser/JScript/analyze/test_member_analyzer.js
[2021-06-05T19:17:35.855] [INFO] default - /Users/udogerhards/Documents/workspace/Nodejs-annotations/test/parser/JScript/analyze/test_property_analyzer.js
[2021-06-05T19:17:35.937] [INFO] default - Test: Detect simple class
[2021-06-05T19:17:36.208] [INFO] default - Initializing LogManager ...
[2021-06-05T19:18:14.001] [INFO] default - /Users/udogerhards/Documents/workspace/Nodejs-annotations/test/parser/JScript/analyze/test.js
[2021-06-05T19:18:14.004] [INFO] default - /Users/udogerhards/Documents/workspace/Nodejs-annotations/test/parser/JScript/analyze/test_bean_analyzer.js
[2021-06-05T19:18:14.004] [INFO] default - /Users/udogerhards/Documents/workspace/Nodejs-annotations/test/parser/JScript/analyze/test_member_analyzer.js
[2021-06-05T19:18:14.004] [INFO] default - /Users/udogerhards/Documents/workspace/Nodejs-annotations/test/parser/JScript/analyze/test_property_analyzer.js
[2021-06-05T19:18:14.055] [INFO] default - Test: Detect simple class
[2021-06-05T19:18:14.223] [INFO] default - Initializing LogManager ...
[2021-06-05T19:19:07.425] [INFO] default - /Users/udogerhards/Documents/workspace/Nodejs-annotations/test/parser/JScript/analyze/test.js
[2021-06-05T19:19:07.431] [INFO] default - /Users/udogerhards/Documents/workspace/Nodejs-annotations/test/parser/JScript/analyze/test_bean_analyzer.js
[2021-06-05T19:19:07.431] [INFO] default - /Users/udogerhards/Documents/workspace/Nodejs-annotations/test/parser/JScript/analyze/test_member_analyzer.js
[2021-06-05T19:19:07.431] [INFO] default - /Users/udogerhards/Documents/workspace/Nodejs-annotations/test/parser/JScript/analyze/test_property_analyzer.js
[2021-06-05T19:19:07.516] [INFO] default - Test: Detect simple class
[2021-06-05T19:19:07.790] [INFO] default - Initializing LogManager ...
